8
2
6
4 5 6 7
0 0 0
0 1 0
1 0 3
1 1 4
2 0 1
2 1 6
3 0 3
3 1 6
4 0 4
4 1 1
5 0 7
5 1 5
6 0 5
6 1 7
7 0 7
7 1 7
